\BOOKMARK [0][-]{Item.1}{\376\377\000A\000c\000k\000n\000o\000w\000l\000e\000d\000g\000e\000m\000e\000n\000t\000s}{}% 1
\BOOKMARK [0][-]{Item.1}{\376\377\000L\000i\000s\000t\000\040\000o\000f\000\040\000P\000u\000b\000l\000i\000c\000a\000t\000i\000o\000n\000s}{}% 2
\BOOKMARK [0][-]{Item.6}{\376\377\000A\000b\000b\000r\000e\000v\000i\000a\000t\000i\000o\000n\000s\000\040\000a\000n\000d\000\040\000A\000c\000r\000o\000n\000y\000m\000s}{}% 3
\BOOKMARK [0][-]{Item.6}{\376\377\000S\000u\000m\000m\000a\000r\000y}{}% 4
\BOOKMARK [0][-]{chapter.1}{\376\377\000I\000n\000t\000r\000o\000d\000u\000c\000t\000i\000o\000n}{}% 5
\BOOKMARK [1][-]{section.1.1}{\376\377\000M\000o\000t\000i\000v\000a\000t\000i\000o\000n}{chapter.1}% 6
\BOOKMARK [2][-]{subsection.1.1.1}{\376\377\000A\000\040\000P\000e\000r\000s\000o\000n\000a\000l\000\040\000J\000o\000u\000r\000n\000e\000y}{section.1.1}% 7
\BOOKMARK [2][-]{subsection.1.1.2}{\376\377\000S\000c\000i\000e\000n\000t\000i\000f\000i\000c\000\040\000M\000o\000t\000i\000v\000a\000t\000i\000o\000n}{section.1.1}% 8
\BOOKMARK [1][-]{section.1.2}{\376\377\000B\000a\000c\000k\000g\000r\000o\000u\000n\000d\000:\000\040\000M\000e\000m\000b\000r\000a\000n\000e\000\040\000t\000a\000r\000g\000e\000t\000i\000n\000g\000\040\000t\000o\000\040\000f\000i\000g\000h\000t\000\040\000A\000M\000R\000.}{chapter.1}% 9
\BOOKMARK [2][-]{subsection.1.2.1}{\376\377\000T\000h\000e\000\040\000L\000i\000p\000i\000d\000\040\000M\000e\000m\000b\000r\000a\000n\000e\000:\000\040\000A\000\040\000S\000e\000l\000e\000c\000t\000i\000v\000e\000\040\000B\000i\000o\000l\000o\000g\000i\000c\000a\000l\000\040\000L\000a\000n\000d\000s\000c\000a\000p\000e}{section.1.2}% 10
\BOOKMARK [3][-]{subsubsection.1.2.1.1}{\376\377\000B\000e\000y\000o\000n\000d\000\040\000P\000r\000o\000t\000e\000i\000n\000\040\000T\000a\000r\000g\000e\000t\000s\000:\000\040\000T\000h\000e\000\040\000M\000e\000m\000b\000r\000a\000n\000e\000\040\000a\000s\000\040\000a\000\040\000V\000u\000l\000n\000e\000r\000a\000b\000i\000l\000i\000t\000y}{subsection.1.2.1}% 11
\BOOKMARK [1][-]{section.1.3}{\376\377\000T\000h\000e\000\040\000G\000l\000o\000b\000a\000l\000\040\000C\000r\000i\000s\000i\000s\000\040\000o\000f\000\040\000A\000n\000t\000i\000m\000i\000c\000r\000o\000b\000i\000a\000l\000\040\000R\000e\000s\000i\000s\000t\000a\000n\000c\000e}{chapter.1}% 12
\BOOKMARK [1][-]{section.1.4}{\376\377\000P\000h\000y\000s\000i\000c\000o\000c\000h\000e\000m\000i\000c\000a\000l\000\040\000P\000r\000o\000p\000e\000r\000t\000i\000e\000s\000\040\000a\000n\000d\000\040\000S\000t\000r\000u\000c\000t\000u\000r\000a\000l\000\040\000D\000e\000t\000e\000r\000m\000i\000n\000a\000n\000t\000s}{chapter.1}% 13
\BOOKMARK [2][-]{subsection.1.4.1}{\376\377\000S\000t\000r\000u\000c\000t\000u\000r\000a\000l\000\040\000C\000l\000a\000s\000s\000i\000f\000i\000c\000a\000t\000i\000o\000n}{section.1.4}% 14
\BOOKMARK [1][-]{section.1.5}{\376\377\000M\000e\000c\000h\000a\000n\000i\000s\000m\000s\000\040\000o\000f\000\040\000M\000e\000m\000b\000r\000a\000n\000e\000\040\000D\000i\000s\000r\000u\000p\000t\000i\000o\000n}{chapter.1}% 15
\BOOKMARK [1][-]{section.1.6}{\376\377\000C\000u\000r\000r\000e\000n\000t\000\040\000B\000o\000t\000t\000l\000e\000n\000e\000c\000k\000s\000\040\000i\000n\000\040\000A\000M\000P\000\040\000D\000e\000v\000e\000l\000o\000p\000m\000e\000n\000t}{chapter.1}% 16
\BOOKMARK [2][-]{subsection.1.6.1}{\376\377\000L\000i\000m\000i\000t\000a\000t\000i\000o\000n\000s\000\040\000o\000f\000\040\000E\000x\000p\000e\000r\000i\000m\000e\000n\000t\000a\000l\000\040\000T\000e\000c\000h\000n\000i\000q\000u\000e\000s}{section.1.6}% 17
\BOOKMARK [1][-]{section.1.7}{\376\377\000C\000o\000m\000p\000u\000t\000a\000t\000i\000o\000n\000a\000l\000\040\000M\000e\000t\000h\000o\000d\000s\000\040\000i\000n\000\040\000C\000h\000e\000m\000i\000s\000t\000r\000y}{chapter.1}% 18
\BOOKMARK [2][-]{subsection.1.7.1}{\376\377\000M\000o\000l\000e\000c\000u\000l\000a\000r\000\040\000D\000y\000n\000a\000m\000i\000c\000s\000\040\000\050\000M\000D\000\051}{section.1.7}% 19
\BOOKMARK [3][-]{subsubsection.1.7.1.1}{\376\377\000C\000l\000a\000s\000s\000i\000c\000a\000l\000\040\000M\000e\000c\000h\000a\000n\000i\000c\000s\000\040\000a\000n\000d\000\040\000F\000o\000r\000c\000e\000\040\000F\000i\000e\000l\000d\000s}{subsection.1.7.1}% 20
\BOOKMARK [3][-]{subsubsection.1.7.1.2}{\376\377\000S\000o\000l\000v\000e\000n\000t\000\040\000a\000n\000d\000\040\000M\000e\000m\000b\000r\000a\000n\000e\000\040\000R\000e\000p\000r\000e\000s\000e\000n\000t\000a\000t\000i\000o\000n}{subsection.1.7.1}% 21
\BOOKMARK [3][-]{subsubsection.1.7.1.3}{\376\377\000D\000i\000m\000e\000n\000s\000i\000o\000n\000a\000l\000i\000t\000y\000\040\000R\000e\000d\000u\000c\000t\000i\000o\000n\000:\000\040\000C\000o\000a\000r\000s\000e\000-\000G\000r\000a\000i\000n\000e\000d\000\040\000\050\000C\000G\000\051\000\040\000S\000i\000m\000u\000l\000a\000t\000i\000o\000n\000s}{subsection.1.7.1}% 22
\BOOKMARK [3][-]{subsubsection.1.7.1.4}{\376\377\000A\000l\000g\000o\000r\000i\000t\000h\000m\000i\000c\000\040\000A\000c\000c\000e\000l\000e\000r\000a\000t\000i\000o\000n\000:\000\040\000E\000n\000h\000a\000n\000c\000e\000d\000\040\000S\000a\000m\000p\000l\000i\000n\000g\000\040\000M\000e\000t\000h\000o\000d\000s}{subsection.1.7.1}% 23
\BOOKMARK [2][-]{subsection.1.7.2}{\376\377\000Q\000u\000a\000n\000t\000u\000m\000\040\000C\000o\000m\000p\000u\000t\000i\000n\000g}{section.1.7}% 24
\BOOKMARK [1][-]{section.1.8}{\376\377\000S\000c\000o\000p\000e\000\040\000a\000n\000d\000\040\000F\000r\000a\000m\000e\000w\000o\000r\000k\000\040\000o\000f\000\040\000t\000h\000i\000s\000\040\000T\000h\000e\000s\000i\000s}{chapter.1}% 25
\BOOKMARK [1][-]{section.1.9}{\376\377\000D\000i\000s\000s\000e\000r\000t\000a\000t\000i\000o\000n\000\040\000S\000t\000r\000u\000c\000t\000u\000r\000e}{chapter.1}% 26
\BOOKMARK [0][-]{chapter.2}{\376\377\000H\000y\000p\000o\000t\000h\000e\000s\000i\000s\000\040\000a\000n\000d\000\040\000O\000b\000j\000e\000c\000t\000i\000v\000e\000s}{}% 27
\BOOKMARK [1][-]{section.2.1}{\376\377\000H\000y\000p\000o\000t\000h\000e\000s\000i\000s}{chapter.2}% 28
\BOOKMARK [1][-]{section.2.2}{\376\377\000G\000e\000n\000e\000r\000a\000l\000\040\000a\000n\000d\000\040\000s\000p\000e\000c\000i\000f\000i\000c\000\040\000O\000b\000j\000e\000c\000t\000i\000v\000e\000s}{chapter.2}% 29
\BOOKMARK [0][-]{chapter.3}{\376\377\000M\000a\000t\000e\000r\000i\000a\000l\000s\000\040\000a\000n\000d\000\040\000M\000e\000t\000h\000o\000d\000s}{}% 30
\BOOKMARK [1][-]{section.3.1}{\376\377\000M\000o\000l\000e\000c\000u\000l\000a\000r\000\040\000D\000y\000n\000a\000m\000i\000c\000s\000:\000\040\000P\000r\000i\000n\000c\000i\000p\000l\000e\000s}{chapter.3}% 31
\BOOKMARK [2][-]{subsection.3.1.1}{\376\377\000T\000h\000e\000\040\000P\000h\000y\000s\000i\000c\000s\000\040\000B\000e\000h\000i\000n\000d\000\040\000M\000o\000l\000e\000c\000u\000l\000a\000r\000\040\000D\000y\000n\000a\000m\000i\000c\000s}{section.3.1}% 32
\BOOKMARK [2][-]{subsection.3.1.2}{\376\377\000C\000o\000n\000s\000t\000r\000a\000i\000n\000t\000\040\000A\000l\000g\000o\000r\000i\000t\000h\000m\000s\000\040\000a\000n\000d\000\040\000t\000h\000e\000\040\000I\000n\000t\000e\000g\000r\000a\000t\000i\000o\000n\000\040\000T\000i\000m\000e\000\040\000S\000t\000e\000p}{section.3.1}% 33
\BOOKMARK [2][-]{subsection.3.1.3}{\376\377\000S\000t\000a\000t\000i\000s\000t\000i\000c\000a\000l\000\040\000M\000e\000c\000h\000a\000n\000i\000c\000s\000\040\000o\000f\000\040\000T\000e\000m\000p\000e\000r\000a\000t\000u\000r\000e\000\040\000C\000o\000n\000t\000r\000o\000l}{section.3.1}% 34
\BOOKMARK [3][-]{subsubsection.3.1.3.1}{\376\377\000T\000h\000e\000\040\000B\000e\000r\000e\000n\000d\000s\000e\000n\000\040\000t\000h\000e\000r\000m\000o\000s\000t\000a\000t}{subsection.3.1.3}% 35
\BOOKMARK [3][-]{subsubsection.3.1.3.2}{\376\377\000T\000h\000e\000\040\000s\000t\000o\000c\000h\000a\000s\000t\000i\000c\000\040\000v\000-\000r\000e\000s\000c\000a\000l\000e\000\040\000s\000o\000l\000u\000t\000i\000o\000n}{subsection.3.1.3}% 36
\BOOKMARK [2][-]{subsection.3.1.4}{\376\377\000S\000t\000a\000t\000i\000s\000t\000i\000c\000a\000l\000\040\000M\000e\000c\000h\000a\000n\000i\000c\000s\000\040\000o\000f\000\040\000P\000r\000e\000s\000s\000u\000r\000e\000\040\000C\000o\000n\000t\000r\000o\000l\000\040\000\050\000B\000a\000r\000o\000s\000t\000a\000t\000s\000\051}{section.3.1}% 37
\BOOKMARK [3][-]{subsubsection.3.1.4.1}{\376\377\000T\000h\000e\000\040\000B\000e\000r\000e\000n\000d\000s\000e\000n\000\040\000B\000a\000r\000o\000s\000t\000a\000t}{subsection.3.1.4}% 38
\BOOKMARK [3][-]{subsubsection.3.1.4.2}{\376\377\000T\000h\000e\000\040\000P\000a\000r\000r\000i\000n\000e\000l\000l\000o\000-\000R\000a\000h\000m\000a\000n\000\040\000b\000a\000r\000o\000s\000t\000a\000t}{subsection.3.1.4}% 39
\BOOKMARK [3][-]{subsubsection.3.1.4.3}{\376\377\000S\000e\000m\000i\000-\000i\000s\000o\000t\000r\000o\000p\000i\000c\000\040\000s\000c\000a\000l\000i\000n\000g\000:\000\040\000P\000r\000e\000s\000e\000r\000v\000i\000n\000g\000\040\000m\000e\000m\000b\000r\000a\000n\000e\000\040\000i\000n\000t\000e\000g\000r\000i\000t\000y}{subsection.3.1.4}% 40
\BOOKMARK [2][-]{subsection.3.1.5}{\376\377\000P\000e\000r\000i\000o\000d\000i\000c\000\040\000B\000o\000u\000n\000d\000a\000r\000y\000\040\000C\000o\000n\000d\000i\000t\000i\000o\000n\000s}{section.3.1}% 41
\BOOKMARK [2][-]{subsection.3.1.6}{\376\377\000T\000h\000e\000\040\000F\000o\000r\000c\000e\000\040\000F\000i\000e\000l\000d}{section.3.1}% 42
\BOOKMARK [3][-]{subsubsection.3.1.6.1}{\376\377\000C\000a\000l\000c\000u\000l\000a\000t\000i\000o\000n\000\040\000o\000f\000\040\000N\000o\000n\000-\000B\000o\000n\000d\000e\000d\000\040\000I\000n\000t\000e\000r\000a\000c\000t\000i\000o\000n\000s\000:\000\040\000T\000h\000e\000\040\000C\000o\000m\000p\000u\000t\000a\000t\000i\000o\000n\000a\000l\000\040\000B\000o\000t\000t\000l\000e\000n\000e\000c\000k}{subsection.3.1.6}% 43
\BOOKMARK [4][-]{paragraph.3.1.6.1.1}{\376\377\000T\000r\000u\000n\000c\000a\000t\000i\000o\000n\000\040\000M\000e\000t\000h\000o\000d\000s\000\040\000\050\000C\000u\000t\000o\000f\000f\000s\000\051\000\040\000f\000o\000r\000\040\000v\000a\000n\000\040\000d\000e\000r\000\040\000W\000a\000a\000l\000s\000\040\000I\000n\000t\000e\000r\000a\000c\000t\000i\000o\000n\000s}{subsubsection.3.1.6.1}% 44
\BOOKMARK [4][-]{paragraph.3.1.6.1.2}{\376\377\000T\000h\000e\000\040\000C\000h\000a\000l\000l\000e\000n\000g\000e\000\040\000o\000f\000\040\000E\000l\000e\000c\000t\000r\000o\000s\000t\000a\000t\000i\000c\000s\000:\000\040\000R\000e\000a\000c\000t\000i\000o\000n\000\040\000F\000i\000e\000l\000d}{subsubsection.3.1.6.1}% 45
\BOOKMARK [4][-]{paragraph.3.1.6.1.3}{\376\377\000E\000w\000a\000l\000d\000\040\000S\000u\000m\000m\000a\000t\000i\000o\000n\000\040\000a\000n\000d\000\040\000P\000a\000r\000t\000i\000c\000l\000e\000-\000M\000e\000s\000h\000\040\000E\000w\000a\000l\000d\000\040\000\050\000P\000M\000E\000\051}{subsubsection.3.1.6.1}% 46
\BOOKMARK [2][-]{subsection.3.1.7}{\376\377\000T\000h\000e\000\040\000R\000e\000s\000o\000l\000u\000t\000i\000o\000n\000\040\000o\000f\000\040\000t\000h\000e\000\040\000F\000o\000r\000c\000e\000\040\000F\000i\000e\000l\000d\000s}{section.3.1}% 47
\BOOKMARK [2][-]{subsection.3.1.8}{\376\377\000S\000t\000a\000n\000d\000a\000r\000d\000\040\000M\000e\000t\000a\000d\000y\000n\000a\000m\000i\000c\000s\000\040\000\050\000M\000e\000t\000a\000D\000\051}{section.3.1}% 48
\BOOKMARK [3][-]{subsubsection.3.1.8.1}{\376\377\000E\000q\000u\000i\000l\000i\000b\000r\000i\000u\000m\000\040\000C\000o\000n\000s\000t\000a\000n\000t\000s\000\040\000a\000n\000d\000\040\000E\000r\000g\000o\000d\000i\000c\000i\000t\000y\000\040\000B\000r\000e\000a\000k\000i\000n\000g}{subsection.3.1.8}% 49
\BOOKMARK [3][-]{subsubsection.3.1.8.2}{\376\377\000W\000e\000l\000l\000-\000T\000e\000m\000p\000e\000r\000e\000d\000\040\000M\000e\000t\000a\000d\000y\000n\000a\000m\000i\000c\000s\000\040\000\050\000W\000T\000M\000e\000t\000a\000D\000\051}{subsection.3.1.8}% 50
\BOOKMARK [3][-]{subsubsection.3.1.8.3}{\376\377\000T\000h\000e\000r\000m\000o\000d\000y\000n\000a\000m\000i\000c\000\040\000R\000e\000w\000e\000i\000g\000h\000t\000i\000n\000g}{subsection.3.1.8}% 51
\BOOKMARK [4][-]{paragraph.3.1.8.3.1}{\376\377\000S\000e\000l\000e\000c\000t\000i\000o\000n\000\040\000a\000n\000d\000\040\000F\000o\000r\000m\000u\000l\000a\000t\000i\000o\000n\000\040\000o\000f\000\040\000C\000o\000l\000l\000e\000c\000t\000i\000v\000e\000\040\000V\000a\000r\000i\000a\000b\000l\000e\000s}{subsubsection.3.1.8.3}% 52
\BOOKMARK [4][-]{paragraph.3.1.8.3.2}{\376\377\000G\000e\000o\000m\000e\000t\000r\000i\000c\000a\000l\000\040\000F\000r\000a\000m\000e\000w\000o\000r\000k\000\040\000o\000f\000\040\000t\000h\000e\000\040\000P\000e\000p\000t\000i\000d\000e\040\023\000M\000e\000m\000b\000r\000a\000n\000e\000\040\000S\000y\000s\000t\000e\000m}{subsubsection.3.1.8.3}% 53
\BOOKMARK [5][-]{subparagraph.3.1.8.3.2.1}{\376\377\000D\000i\000s\000t\000a\000n\000c\000e\000\040\000a\000n\000d\000\040\000I\000n\000s\000e\000r\000t\000i\000o\000n\000\040\000D\000e\000p\000t\000h}{paragraph.3.1.8.3.2}% 54
\BOOKMARK [4][-]{paragraph.3.1.8.3.3}{\376\377\000P\000e\000p\000t\000i\000d\000e\000\040\000O\000r\000i\000e\000n\000t\000a\000t\000i\000o\000n\000\040\000a\000n\000d\000\040\000T\000i\000l\000t\000\040\000A\000n\000g\000l\000e}{subsubsection.3.1.8.3}% 55
\BOOKMARK [4][-]{paragraph.3.1.8.3.4}{\376\377\000S\000p\000i\000n\000\040\000a\000n\000d\000\040\000A\000z\000i\000m\000u\000t\000h\000a\000l\000\040\000O\000r\000i\000e\000n\000t\000a\000t\000i\000o\000n}{subsubsection.3.1.8.3}% 56
\BOOKMARK [4][-]{paragraph.3.1.8.3.5}{\376\377\000P\000h\000y\000s\000i\000c\000a\000l\000\040\000I\000n\000t\000e\000r\000p\000r\000e\000t\000a\000t\000i\000o\000n\000\040\000i\000n\000\040\000E\000u\000l\000e\000r\000\040\000A\000n\000g\000l\000e\000s}{subsubsection.3.1.8.3}% 57
\BOOKMARK [3][-]{subsubsection.3.1.8.4}{\376\377\000D\000i\000m\000e\000n\000s\000i\000o\000n\000a\000l\000i\000t\000y\000\040\000R\000e\000d\000u\000c\000t\000i\000o\000n\000\040\000o\000f\000\040\000F\000r\000e\000e\000\040\000E\000n\000e\000r\000g\000y\000\040\000S\000u\000r\000f\000a\000c\000e\000s}{subsection.3.1.8}% 58
\BOOKMARK [4][-]{paragraph.3.1.8.4.1}{\376\377\000C\000o\000m\000p\000u\000t\000a\000t\000i\000o\000n\000a\000l\000\040\000I\000m\000p\000l\000e\000m\000e\000n\000t\000a\000t\000i\000o\000n}{subsubsection.3.1.8.4}% 59
\BOOKMARK [3][-]{subsubsection.3.1.8.5}{\376\377\000C\000a\000l\000c\000u\000l\000a\000t\000i\000o\000n\000\040\000o\000f\000\040\000t\000h\000e\000\040\000S\000t\000a\000n\000d\000a\000r\000d\000\040\000B\000i\000n\000d\000i\000n\000g\000\040\000F\000r\000e\000e\000\040\000E\000n\000e\000r\000g\000y\000\040\000\050\000G\0000\000\051}{subsection.3.1.8}% 60
\BOOKMARK [1][-]{section.3.2}{\376\377\000S\000t\000a\000t\000i\000s\000t\000i\000c\000a\000l\000\040\000M\000e\000t\000h\000o\000d\000s\000\040\000a\000n\000d\000\040\000E\000r\000r\000o\000r\000\040\000A\000n\000a\000l\000y\000s\000i\000s}{chapter.3}% 61
\BOOKMARK [2][-]{subsection.3.2.1}{\376\377\000E\000n\000s\000e\000m\000b\000l\000e\000\040\000a\000n\000d\000\040\000T\000e\000m\000p\000o\000r\000a\000l\000\040\000A\000v\000e\000r\000a\000g\000e\000s}{section.3.2}% 62
\BOOKMARK [2][-]{subsection.3.2.2}{\376\377\000T\000h\000e\000\040\000A\000u\000t\000o\000c\000o\000r\000r\000e\000l\000a\000t\000i\000o\000n\000\040\000P\000r\000o\000b\000l\000e\000m\000\040\000a\000n\000d\000\040\000B\000l\000o\000c\000k\000\040\000A\000v\000e\000r\000a\000g\000i\000n\000g}{section.3.2}% 63
\BOOKMARK [2][-]{subsection.3.2.3}{\376\377\000P\000r\000i\000n\000c\000i\000p\000a\000l\000\040\000C\000o\000m\000p\000o\000n\000e\000n\000t\000\040\000A\000n\000a\000l\000y\000s\000i\000s\000\040\000\050\000P\000C\000A\000\051}{section.3.2}% 64
\BOOKMARK [2][-]{subsection.3.2.4}{\376\377\000K\000-\000m\000e\000a\000n\000s\000\040\000C\000l\000u\000s\000t\000e\000r\000i\000n\000g}{section.3.2}% 65
\BOOKMARK [1][-]{section.3.3}{\376\377\000Q\000u\000a\000n\000t\000u\000m\000\040\000C\000o\000m\000p\000u\000t\000i\000n\000g}{chapter.3}% 66
\BOOKMARK [2][-]{subsection.3.3.1}{\376\377\000F\000o\000u\000n\000d\000a\000t\000i\000o\000n\000s\000\040\000o\000f\000\040\000Q\000u\000a\000n\000t\000u\000m\000\040\000I\000n\000f\000o\000r\000m\000a\000t\000i\000o\000n}{section.3.3}% 67
\BOOKMARK [3][-]{subsubsection.3.3.1.1}{\376\377\000B\000i\000t\000s\000\040\000v\000s\000.\000\040\000Q\000u\000b\000i\000t\000s}{subsection.3.3.1}% 68
\BOOKMARK [2][-]{subsection.3.3.2}{\376\377\000M\000u\000l\000t\000i\000-\000Q\000u\000b\000i\000t\000\040\000S\000y\000s\000t\000e\000m\000s}{section.3.3}% 69
\BOOKMARK [2][-]{subsection.3.3.3}{\376\377\000U\000n\000i\000t\000a\000r\000y\000\040\000D\000y\000n\000a\000m\000i\000c\000s\000\040\000a\000n\000d\000\040\000Q\000u\000a\000n\000t\000u\000m\000\040\000G\000a\000t\000e\000s}{section.3.3}% 70
\BOOKMARK [3][-]{subsubsection.3.3.3.1}{\376\377\000P\000a\000u\000l\000i\000\040\000a\000n\000d\000\040\000R\000o\000t\000a\000t\000i\000o\000n\000\040\000G\000a\000t\000e\000s}{subsection.3.3.3}% 71
\BOOKMARK [3][-]{subsubsection.3.3.3.2}{\376\377\000T\000w\000o\000-\000Q\000u\000b\000i\000t\000\040\000G\000a\000t\000e\000s\000:\000\040\000E\000n\000t\000a\000n\000g\000l\000e\000m\000e\000n\000t}{subsection.3.3.3}% 72
\BOOKMARK [2][-]{subsection.3.3.4}{\376\377\000M\000e\000a\000s\000u\000r\000e\000m\000e\000n\000t\000\040\000a\000n\000d\000\040\000H\000a\000r\000d\000w\000a\000r\000e\000\040\000A\000r\000c\000h\000i\000t\000e\000c\000t\000u\000r\000e\000s}{section.3.3}% 73
\BOOKMARK [3][-]{subsubsection.3.3.4.1}{\376\377\000H\000a\000r\000d\000w\000a\000r\000e\000\040\000A\000r\000c\000h\000i\000t\000e\000c\000t\000u\000r\000e\000s}{subsection.3.3.4}% 74
\BOOKMARK [4][-]{subparagraph.3.3.4.1.0.1}{\376\377\000T\000r\000a\000p\000p\000e\000d\000\040\000I\000o\000n\000\040\000A\000r\000c\000h\000i\000t\000e\000c\000t\000u\000r\000e}{subsubsection.3.3.4.1}% 75
\BOOKMARK [5][-]{subparagraph.3.3.4.1.0.2}{\376\377\000S\000u\000p\000e\000r\000c\000o\000n\000d\000u\000c\000t\000i\000n\000g\000\040\000Q\000u\000b\000i\000t\000s}{subparagraph.3.3.4.1.0.1}% 76
\BOOKMARK [5][-]{subparagraph.3.3.4.1.0.3}{\376\377\000P\000h\000o\000t\000o\000n\000i\000c\000\040\000Q\000u\000a\000n\000t\000u\000m\000\040\000C\000o\000m\000p\000u\000t\000i\000n\000g}{subparagraph.3.3.4.1.0.1}% 77
\BOOKMARK [1][-]{section.3.4}{\376\377\000V\000a\000r\000i\000a\000t\000i\000o\000n\000a\000l\000\040\000Q\000u\000a\000n\000t\000u\000m\000\040\000A\000l\000g\000o\000r\000i\000t\000h\000m\000s\000\040\000\050\000V\000Q\000A\000s\000\051}{chapter.3}% 78
\BOOKMARK [2][-]{subsection.3.4.1}{\376\377\000T\000h\000e\000\040\000H\000y\000b\000r\000i\000d\000\040\000P\000a\000r\000a\000d\000i\000g\000m\000\040\000a\000n\000d\000\040\000Q\000u\000a\000n\000t\000u\000m\000\040\000S\000o\000f\000t\000w\000a\000r\000e\000\040\000E\000c\000o\000s\000y\000s\000t\000e\000m}{section.3.4}% 79
\BOOKMARK [2][-]{subsection.3.4.2}{\376\377\000H\000a\000m\000i\000l\000t\000o\000n\000i\000a\000n\000\040\000R\000e\000p\000r\000e\000s\000e\000n\000t\000a\000t\000i\000o\000n\000\040\000a\000n\000d\000\040\000t\000h\000e\000\040\000P\000a\000u\000l\000i\000\040\000B\000a\000s\000i\000s}{section.3.4}% 80
\BOOKMARK [2][-]{subsection.3.4.3}{\376\377\000C\000o\000n\000n\000e\000c\000t\000i\000o\000n\000\040\000t\000o\000\040\000Q\000u\000a\000n\000t\000u\000m\000\040\000C\000i\000r\000c\000u\000i\000t\000s\000\040\000a\000n\000d\000\040\000D\000i\000s\000c\000r\000e\000t\000i\000z\000e\000d\000\040\000D\000y\000n\000a\000m\000i\000c\000s}{section.3.4}% 81
\BOOKMARK [2][-]{subsection.3.4.4}{\376\377\000P\000a\000r\000a\000m\000e\000t\000e\000r\000i\000z\000e\000d\000\040\000Q\000u\000a\000n\000t\000u\000m\000\040\000C\000i\000r\000c\000u\000i\000t\000s\000\040\000\050\000A\000n\000s\000\344\000t\000z\000e\000\051}{section.3.4}% 82
\BOOKMARK [2][-]{subsection.3.4.5}{\376\377\000E\000x\000p\000e\000c\000t\000a\000t\000i\000o\000n\000\040\000V\000a\000l\000u\000e\000s\000\040\000a\000n\000d\000\040\000C\000o\000s\000t\000\040\000F\000u\000n\000c\000t\000i\000o\000n\000s}{section.3.4}% 83
\BOOKMARK [2][-]{subsection.3.4.6}{\376\377\000T\000h\000e\000\040\000V\000a\000r\000i\000a\000t\000i\000o\000n\000a\000l\000\040\000Q\000u\000a\000n\000t\000u\000m\000\040\000E\000i\000g\000e\000n\000s\000o\000l\000v\000e\000r\000\040\000\050\000V\000Q\000E\000\051}{section.3.4}% 84
\BOOKMARK [3][-]{subsubsection.3.4.6.1}{\376\377\000T\000h\000e\000\040\000V\000a\000r\000i\000a\000t\000i\000o\000n\000a\000l\000\040\000P\000r\000i\000n\000c\000i\000p\000l\000e}{subsection.3.4.6}% 85
\BOOKMARK [3][-]{subsubsection.3.4.6.2}{\376\377\000H\000a\000r\000d\000w\000a\000r\000e\000-\000E\000f\000f\000i\000c\000i\000e\000n\000t\000\040\000a\000n\000d\000\040\000H\000e\000u\000r\000i\000s\000t\000i\000c\000\040\000A\000n\000s\000a\000t\000z}{subsection.3.4.6}% 86
\BOOKMARK [3][-]{subsubsection.3.4.6.3}{\376\377\000T\000h\000e\000\040\000H\000y\000b\000r\000i\000d\000\040\000O\000p\000t\000i\000m\000i\000z\000a\000t\000i\000o\000n\000\040\000L\000o\000o\000p}{subsection.3.4.6}% 87
\BOOKMARK [2][-]{subsection.3.4.7}{\376\377\000C\000o\000m\000b\000i\000n\000a\000t\000o\000r\000i\000a\000l\000\040\000O\000p\000t\000i\000m\000i\000z\000a\000t\000i\000o\000n\000\040\000o\000n\000\040\000Q\000u\000a\000n\000t\000u\000m\000\040\000D\000e\000v\000i\000c\000e\000s}{section.3.4}% 88
\BOOKMARK [3][-]{subsubsection.3.4.7.1}{\376\377\000Q\000u\000a\000d\000r\000a\000t\000i\000c\000\040\000U\000n\000c\000o\000n\000s\000t\000r\000a\000i\000n\000e\000d\000\040\000B\000i\000n\000a\000r\000y\000\040\000O\000p\000t\000i\000m\000i\000z\000a\000t\000i\000o\000n\000\040\000\050\000Q\000U\000B\000O\000\051}{subsection.3.4.7}% 89
\BOOKMARK [4][-]{paragraph.3.4.7.1.1}{\376\377\000H\000a\000n\000d\000l\000i\000n\000g\000\040\000C\000o\000n\000s\000t\000r\000a\000i\000n\000t\000s\000\040\000v\000i\000a\000\040\000P\000e\000n\000a\000l\000t\000y\000\040\000T\000e\000r\000m\000s}{subsubsection.3.4.7.1}% 90
\BOOKMARK [2][-]{subsection.3.4.8}{\376\377\000T\000h\000e\000\040\000Q\000u\000a\000n\000t\000u\000m\000\040\000A\000p\000p\000r\000o\000x\000i\000m\000a\000t\000e\000\040\000O\000p\000t\000i\000m\000i\000z\000a\000t\000i\000o\000n\000\040\000A\000l\000g\000o\000r\000i\000t\000h\000m\000\040\000\050\000Q\000A\000O\000A\000\051}{section.3.4}% 91
\BOOKMARK [3][-]{subsubsection.3.4.8.1}{\376\377\000F\000r\000o\000m\000\040\000t\000h\000e\000\040\000Q\000u\000a\000n\000t\000u\000m\000\040\000A\000d\000i\000a\000b\000a\000t\000i\000c\000\040\000A\000l\000g\000o\000r\000i\000t\000h\000m\000\040\000t\000o\000\040\000Q\000A\000O\000A}{subsection.3.4.8}% 92
\BOOKMARK [3][-]{subsubsection.3.4.8.2}{\376\377\000Q\000A\000O\000A\000\040\000S\000t\000a\000t\000e\000\040\000P\000r\000e\000p\000a\000r\000a\000t\000i\000o\000n\000\040\000a\000n\000d\000\040\000C\000i\000r\000c\000u\000i\000t\000\040\000A\000n\000s\000a\000t\000z}{subsection.3.4.8}% 93
\BOOKMARK [3][-]{subsubsection.3.4.8.3}{\376\377\000E\000x\000p\000e\000c\000t\000a\000t\000i\000o\000n\000\040\000V\000a\000l\000u\000e\000,\000\040\000O\000p\000t\000i\000m\000i\000z\000a\000t\000i\000o\000n\000\040\000L\000o\000o\000p\000,\000\040\000a\000n\000d\000\040\000M\000a\000x\000C\000u\000t}{subsection.3.4.8}% 94
\BOOKMARK [3][-]{subsubsection.3.4.8.4}{\376\377\000T\000h\000e\000\040\000A\000d\000i\000a\000b\000a\000t\000i\000c\000\040\000L\000i\000m\000i\000t\000\040\000a\000n\000d\000\040\000C\000o\000n\000d\000i\000t\000i\000o\000n\000a\000l\000\040\000V\000a\000l\000u\000e\000\040\000a\000t\000\040\000R\000i\000s\000k\000\040\000\050\000C\000V\000a\000R\000\051\000\040\000O\000p\000t\000i\000m\000i\000z\000a\000t\000i\000o\000n}{subsection.3.4.8}% 95
\BOOKMARK [2][-]{subsection.3.4.9}{\376\377\000O\000p\000t\000i\000m\000i\000z\000a\000t\000i\000o\000n\000\040\000A\000l\000g\000o\000r\000i\000t\000h\000m\000s\000\040\000f\000o\000r\000\040\000H\000y\000b\000r\000i\000d\000\040\000W\000o\000r\000k\000f\000l\000o\000w\000s}{section.3.4}% 96
\BOOKMARK [3][-]{subsubsection.3.4.9.1}{\376\377\000C\000o\000n\000s\000t\000r\000a\000i\000n\000e\000d\000\040\000O\000p\000t\000i\000m\000i\000z\000a\000t\000i\000o\000n\000\040\000B\000Y\000\040\000L\000i\000n\000e\000a\000r\000\040\000A\000p\000p\000r\000o\000x\000i\000m\000a\000t\000i\000o\000n\000s\000\040\000\050\000C\000O\000B\000Y\000L\000A\000\051}{subsection.3.4.9}% 97
\BOOKMARK [3][-]{subsubsection.3.4.9.2}{\376\377\000D\000i\000f\000f\000e\000r\000e\000n\000t\000i\000a\000l\000\040\000E\000v\000o\000l\000u\000t\000i\000o\000n\000\040\000\050\000D\000E\000\051}{subsection.3.4.9}% 98
\BOOKMARK [2][-]{subsection.3.4.10}{\376\377\000C\000h\000a\000l\000l\000e\000n\000g\000e\000s\000\040\000a\000n\000d\000\040\000N\000o\000i\000s\000e\000\040\000M\000i\000t\000i\000g\000a\000t\000i\000o\000n\000\040\000i\000n\000\040\000t\000h\000e\000\040\000N\000I\000S\000Q\000\040\000E\000r\000a}{section.3.4}% 99
\BOOKMARK [3][-]{subsubsection.3.4.10.1}{\376\377\000D\000e\000c\000o\000h\000e\000r\000e\000n\000c\000e\000\040\000a\000n\000d\000\040\000G\000a\000t\000e\000\040\000E\000r\000r\000o\000r\000s}{subsection.3.4.10}% 100
\BOOKMARK [3][-]{subsubsection.3.4.10.2}{\376\377\000Q\000u\000a\000n\000t\000u\000m\000\040\000E\000r\000r\000o\000r\000\040\000M\000i\000t\000i\000g\000a\000t\000i\000o\000n\000\040\000\050\000Q\000E\000M\000\051}{subsection.3.4.10}% 101
\BOOKMARK [0][-]{chapter.4}{\376\377\000R\000e\000s\000u\000l\000t\000s\000:\000\040\000P\000u\000b\000l\000i\000s\000h\000e\000d\000\040\000A\000r\000t\000i\000c\000l\000e\000s}{}% 102
\BOOKMARK [1][-]{section.4.1}{\376\377\000T\000a\000r\000g\000e\000t\000i\000n\000g\000\040\000t\000h\000e\000\040\000C\000A\000I\000n\000\040\000L\000a\000n\000d\000s\000c\000a\000p\000e\000:\000\040\000F\000r\000o\000m\000\040\000I\000n\000f\000l\000a\000m\000m\000a\000t\000i\000o\000n\000\040\000t\000o\000\040\000M\000e\000m\000b\000r\000a\000n\000e\000-\000S\000p\000e\000c\000i\000f\000i\000c\000\040\000M\000e\000t\000a\000d\000y\000n\000a\000m\000i\000c\000s}{chapter.4}% 103
\BOOKMARK [2][-]{subsection.4.1.1}{\376\377\000U\000n\000r\000a\000v\000e\000l\000i\000n\000g\000\040\000l\000i\000p\000i\000d\000\040\000a\000n\000d\000\040\000i\000n\000f\000l\000a\000m\000m\000a\000t\000i\000o\000n\000\040\000i\000n\000t\000e\000r\000p\000l\000a\000y\000\040\000i\000n\000\040\000c\000a\000n\000c\000e\000r\000,\000\040\000a\000g\000i\000n\000g\000\040\000a\000n\000d\000\040\000i\000n\000f\000e\000c\000t\000i\000o\000n\000\040\000f\000o\000r\000\040\000n\000o\000v\000e\000l\000\040\000t\000h\000e\000r\000a\000n\000o\000s\000t\000i\000c\000\040\000a\000p\000p\000r\000o\000a\000c\000h\000e\000s}{section.4.1}% 104
\BOOKMARK [2][-]{subsection.4.1.2}{\376\377\000U\000n\000l\000o\000c\000k\000i\000n\000g\000\040\000t\000h\000e\000\040\000s\000p\000e\000c\000i\000f\000i\000c\000i\000t\000y\000\040\000o\000f\000\040\000a\000n\000t\000i\000m\000i\000c\000r\000o\000b\000i\000a\000l\000\040\000p\000e\000p\000t\000i\000d\000e\000\040\000i\000n\000t\000e\000r\000a\000c\000t\000i\000o\000n\000s\000\040\000f\000o\000r\000\040\000m\000e\000m\000b\000r\000a\000n\000e\000-\000t\000a\000r\000g\000e\000t\000e\000d\000\040\000t\000h\000e\000r\000a\000p\000i\000e\000s}{section.4.1}% 105
\BOOKMARK [1][-]{section.4.2}{\376\377\000T\000r\000a\000n\000s\000c\000e\000n\000d\000i\000n\000g\000\040\000C\000l\000a\000s\000s\000i\000c\000a\000l\000\040\000L\000i\000m\000i\000t\000s\000:\000\040\000Q\000u\000a\000n\000t\000u\000m\000\040\000C\000o\000m\000p\000u\000t\000i\000n\000g\000\040\000f\000o\000r\000\040\000P\000e\000p\000t\000i\000d\000e\000\040\000F\000o\000l\000d\000i\000n\000g}{chapter.4}% 106
\BOOKMARK [2][-]{subsection.4.2.1}{\376\377\000C\000l\000a\000s\000s\000i\000c\000a\000l\000\040\000S\000i\000m\000u\000l\000a\000t\000i\000o\000n\000s\000\040\000o\000n\000\040\000Q\000u\000a\000n\000t\000u\000m\000\040\000C\000o\000m\000p\000u\000t\000e\000r\000s\000:\000\040\000I\000n\000t\000e\000r\000f\000a\000c\000e\000-\000D\000r\000i\000v\000e\000n\000\040\000P\000e\000p\000t\000i\000d\000e\000\040\000F\000o\000l\000d\000i\000n\000g\000\040\000o\000n\000\040\000S\000i\000m\000u\000l\000a\000t\000e\000d\000\040\000M\000e\000m\000b\000r\000a\000n\000e\000\040\000S\000u\000r\000f\000a\000c\000e\000s}{section.4.2}% 107
\BOOKMARK [0][-]{chapter.5}{\376\377\000U\000n\000p\000u\000b\000l\000i\000s\000h\000e\000d\000\040\000R\000e\000s\000u\000l\000t\000s}{}% 108
\BOOKMARK [1][-]{section.5.1}{\376\377\000E\000n\000v\000i\000r\000o\000n\000m\000e\000n\000t\000-\000C\000o\000n\000d\000i\000t\000i\000o\000n\000e\000d\000\040\000D\000e\000s\000i\000g\000n\000:\000\040\000A\000\040\000P\000h\000y\000s\000i\000c\000s\000-\000B\000a\000s\000e\000d\000\040\000H\000a\000m\000i\000l\000t\000o\000n\000i\000a\000n\000\040\000P\000i\000v\000o\000t}{chapter.5}% 109
\BOOKMARK [2][-]{subsection.5.1.1}{\376\377\000E\000n\000v\000i\000r\000o\000n\000m\000e\000n\000t\000-\000c\000o\000n\000d\000i\000t\000i\000o\000n\000e\000d\000\040\000d\000e\000s\000i\000g\000n\000\040\000o\000f\000\040\000-\000h\000e\000l\000i\000c\000a\000l\000\040\000p\000e\000p\000t\000i\000d\000e\000s}{section.5.1}% 110
\BOOKMARK [2][-]{subsection.5.1.2}{\376\377\000H\000e\000l\000i\000x\000\040\000D\000e\000s\000i\000g\000n\000\040\000S\000t\000u\000d\000i\000o\000:\000\040\000A\000\040\000W\000e\000b\000\040\000P\000l\000a\000t\000f\000o\000r\000m\000\040\000f\000o\000r\000\040\000E\000n\000v\000i\000r\000o\000n\000m\000e\000n\000t\000-\000C\000o\000n\000d\000i\000t\000i\000o\000n\000e\000d\000\040\000D\000e\000s\000i\000g\000n\000\040\000o\000f\000\040\000-\000H\000e\000l\000i\000c\000a\000l\000\040\000P\000e\000p\000t\000i\000d\000e\000s}{section.5.1}% 111
\BOOKMARK [0][-]{chapter.6}{\376\377\000G\000e\000n\000e\000r\000a\000l\000\040\000D\000i\000s\000c\000u\000s\000s\000i\000o\000n}{}% 112
\BOOKMARK [1][-]{section.6.1}{\376\377\000T\000h\000e\000\040\000C\000A\000I\000n\000\040\000T\000r\000i\000a\000n\000g\000l\000e\000:\000\040\000L\000i\000p\000i\000d\000o\000m\000i\000c\000s\000\040\000a\000s\000\040\000a\000\040\000U\000n\000i\000v\000e\000r\000s\000a\000l\000\040\000V\000u\000l\000n\000e\000r\000a\000b\000i\000l\000i\000t\000y}{chapter.6}% 113
\BOOKMARK [2][-]{subsection.6.1.1}{\376\377\000T\000h\000e\000\040\000B\000i\000o\000p\000h\000y\000s\000i\000c\000a\000l\000\040\000S\000i\000g\000n\000a\000t\000u\000r\000e\000\040\000o\000f\000\040\000P\000a\000t\000h\000o\000l\000o\000g\000i\000c\000a\000l\000\040\000M\000e\000m\000b\000r\000a\000n\000e\000s}{section.6.1}% 114
\BOOKMARK [2][-]{subsection.6.1.2}{\376\377\000M\000e\000t\000h\000o\000d\000o\000l\000o\000g\000i\000c\000a\000l\000\040\000C\000h\000a\000l\000l\000e\000n\000g\000e\000s\000:\000\040\000R\000e\000s\000o\000l\000v\000i\000n\000g\000\040\000t\000h\000e\000\040\000R\000e\000s\000o\000l\000u\000t\000i\000o\000n\000\040\000a\000n\000d\000\040\000T\000i\000m\000e\000s\000c\000a\000l\000e\000\040\000G\000a\000p\000s}{section.6.1}% 115
\BOOKMARK [2][-]{subsection.6.1.3}{\376\377\000B\000r\000i\000d\000g\000i\000n\000g\000\040\000t\000h\000e\000\040\000G\000a\000p\000:\000\040\000E\000n\000h\000a\000n\000c\000e\000d\000\040\000S\000a\000m\000p\000l\000i\000n\000g\000\040\000a\000n\000d\000\040\000Q\000u\000a\000n\000t\000u\000m\000-\000A\000c\000c\000e\000l\000e\000r\000a\000t\000e\000d\000\040\000D\000e\000s\000i\000g\000n}{section.6.1}% 116
\BOOKMARK [1][-]{section.6.2}{\376\377\000U\000n\000l\000o\000c\000k\000i\000n\000g\000\040\000t\000h\000e\000\040\000B\000i\000o\000p\000h\000y\000s\000i\000c\000s\000\040\000o\000f\000\040\000S\000p\000e\000c\000i\000f\000i\000c\000i\000t\000y\000:\000\040\000A\000\040\000M\000e\000t\000a\000d\000y\000n\000a\000m\000i\000c\000s\000\040\000A\000p\000p\000r\000o\000a\000c\000h}{chapter.6}% 117
\BOOKMARK [2][-]{subsection.6.2.1}{\376\377\000T\000h\000e\000\040\000T\000r\000a\000n\000s\000v\000e\000r\000s\000a\000l\000\040\000H\000y\000d\000r\000o\000p\000h\000o\000b\000i\000c\000\040\000D\000i\000p\000o\000l\000e\000\040\000M\000o\000m\000e\000n\000t\000\040\000\050\000H\000\051\000\040\000a\000n\000d\000\040\000I\000n\000s\000e\000r\000t\000i\000o\000n\000\040\000M\000e\000c\000h\000a\000n\000i\000c\000s}{section.6.2}% 118
\BOOKMARK [2][-]{subsection.6.2.2}{\376\377\000T\000h\000e\000r\000m\000o\000d\000y\000n\000a\000m\000i\000c\000\040\000Q\000u\000a\000n\000t\000i\000f\000i\000c\000a\000t\000i\000o\000n}{section.6.2}% 119
\BOOKMARK [2][-]{subsection.6.2.3}{\376\377\000T\000h\000e\000\040\000E\000x\000c\000e\000p\000t\000i\000o\000n\000a\000l\000\040\000S\000p\000e\000c\000i\000f\000i\000c\000i\000t\000y\000\040\000o\000f\000\040\000L\000L\000-\0003\0007\000\040\000a\000n\000d\000\040\000D\000i\000e\000l\000e\000c\000t\000r\000i\000c\000\040\000C\000o\000n\000s\000i\000d\000e\000r\000a\000t\000i\000o\000n\000s}{section.6.2}% 120
\BOOKMARK [1][-]{section.6.3}{\376\377\000Q\000u\000a\000n\000t\000u\000m\000\040\000A\000l\000g\000o\000r\000i\000t\000h\000m\000i\000c\000\040\000I\000n\000n\000o\000v\000a\000t\000i\000o\000n\000\040\000f\000o\000r\000\040\000I\000n\000t\000e\000r\000f\000a\000c\000i\000a\000l\000\040\000F\000o\000l\000d\000i\000n\000g}{chapter.6}% 121
\BOOKMARK [2][-]{subsection.6.3.1}{\376\377\000S\000m\000o\000o\000t\000h\000\040\000I\000n\000t\000e\000r\000f\000a\000c\000i\000a\000l\000\040\000M\000o\000d\000e\000l\000i\000n\000g}{section.6.3}% 122
\BOOKMARK [2][-]{subsection.6.3.2}{\376\377\000C\000o\000n\000c\000l\000u\000d\000i\000n\000g\000\040\000R\000e\000m\000a\000r\000k\000s\000\040\000o\000n\000\040\000t\000h\000e\000\040\000Q\000u\000a\000n\000t\000u\000m\000\040\000S\000t\000r\000a\000t\000e\000g\000y}{section.6.3}% 123
\BOOKMARK [1][-]{section.6.4}{\376\377\000A\000\040\000G\000e\000n\000e\000r\000a\000t\000i\000v\000e\000\040\000H\000a\000m\000i\000l\000t\000o\000n\000i\000a\000n\000\040\000f\000o\000r\000\040\000D\000e\000\040\000N\000o\000v\000o\000\040\000S\000e\000q\000u\000e\000n\000c\000e\000\040\000D\000e\000s\000i\000g\000n}{chapter.6}% 124
\BOOKMARK [2][-]{subsection.6.4.1}{\376\377\000O\000v\000e\000r\000c\000o\000m\000i\000n\000g\000\040\000E\000v\000o\000l\000u\000t\000i\000o\000n\000a\000r\000y\000\040\000C\000o\000n\000s\000t\000r\000a\000i\000n\000t\000s}{section.6.4}% 125
\BOOKMARK [2][-]{subsection.6.4.2}{\376\377\000H\000a\000m\000i\000l\000t\000o\000n\000i\000a\000n\000\040\000F\000o\000r\000m\000u\000l\000a\000t\000i\000o\000n\000\040\000a\000n\000d\000\040\000T\000h\000e\000r\000m\000o\000d\000y\000n\000a\000m\000i\000c\000\040\000C\000o\000n\000s\000i\000s\000t\000e\000n\000c\000y}{section.6.4}% 126
\BOOKMARK [2][-]{subsection.6.4.3}{\376\377\000A\000l\000g\000o\000r\000i\000t\000h\000m\000i\000c\000\040\000P\000o\000r\000t\000a\000b\000i\000l\000i\000t\000y\000\040\000a\000n\000d\000\040\000B\000i\000n\000a\000r\000y\000\040\000E\000n\000c\000o\000d\000i\000n\000g}{section.6.4}% 127
\BOOKMARK [2][-]{subsection.6.4.4}{\376\377\000T\000h\000e\000\040\000H\000e\000l\000i\000x\000\040\000D\000e\000s\000i\000g\000n\000\040\000S\000t\000u\000d\000i\000o\000:\000\040\000B\000r\000i\000d\000g\000i\000n\000g\000\040\000T\000h\000e\000o\000r\000y\000\040\000a\000n\000d\000\040\000P\000r\000a\000c\000t\000i\000c\000a\000l\000\040\000A\000p\000p\000l\000i\000c\000a\000t\000i\000o\000n}{section.6.4}% 128
\BOOKMARK [3][-]{subsubsection.6.4.4.1}{\376\377\000F\000u\000n\000c\000t\000i\000o\000n\000a\000l\000i\000t\000y\000\040\000a\000n\000d\000\040\000R\000e\000a\000l\000-\000T\000i\000m\000e\000\040\000E\000v\000a\000l\000u\000a\000t\000i\000o\000n}{subsection.6.4.4}% 129
\BOOKMARK [2][-]{subsection.6.4.5}{\376\377\000V\000a\000l\000i\000d\000a\000t\000i\000o\000n\000\040\000v\000i\000a\000\040\000E\000x\000p\000e\000r\000i\000m\000e\000n\000t\000a\000l\000\040\000R\000e\000f\000e\000r\000e\000n\000c\000e\000\040\000P\000e\000p\000t\000i\000d\000e\000s}{section.6.4}% 130
\BOOKMARK [2][-]{subsection.6.4.6}{\376\377\000I\000n\000t\000e\000r\000f\000a\000c\000i\000a\000l\000\040\000B\000e\000n\000c\000h\000m\000a\000r\000k\000i\000n\000g\000\040\000a\000n\000d\000\040\000"\000O\000n\000e\000-\000v\000s\000-\000R\000e\000s\000t\000"\000\040\000S\000p\000e\000c\000i\000f\000i\000c\000i\000t\000y}{section.6.4}% 131
\BOOKMARK [1][-]{section.6.5}{\376\377\000F\000i\000n\000a\000l\000\040\000S\000y\000n\000t\000h\000e\000s\000i\000s\000:\000\040\000A\000\040\000M\000u\000l\000t\000i\000-\000S\000c\000a\000l\000e\000\040\000T\000h\000e\000r\000a\000n\000o\000s\000t\000i\000c\000\040\000P\000i\000p\000e\000l\000i\000n\000e}{chapter.6}% 132
\BOOKMARK [1][-]{section.6.6}{\376\377\000L\000i\000m\000i\000t\000a\000t\000i\000o\000n\000s}{chapter.6}% 133
\BOOKMARK [2][-]{subsection.6.6.1}{\376\377\000C\000l\000a\000s\000s\000i\000c\000a\000l\000\040\000a\000n\000d\000\040\000E\000n\000h\000a\000n\000c\000e\000d\000\040\000S\000a\000m\000p\000l\000i\000n\000g\000\040\000L\000i\000m\000i\000t\000a\000t\000i\000o\000n\000s}{section.6.6}% 134
\BOOKMARK [2][-]{subsection.6.6.2}{\376\377\000A\000p\000p\000r\000o\000x\000i\000m\000a\000t\000i\000o\000n\000s\000\040\000i\000n\000\040\000Q\000u\000a\000n\000t\000u\000m\000-\000C\000l\000a\000s\000s\000i\000c\000a\000l\000\040\000A\000l\000g\000o\000r\000i\000t\000h\000m\000s\000\040\000a\000n\000d\000\040\000G\000e\000n\000e\000r\000a\000t\000i\000v\000e\000\040\000M\000o\000d\000e\000l\000s}{section.6.6}% 135
\BOOKMARK [0][-]{chapter.7}{\376\377\000G\000e\000n\000e\000r\000a\000l\000\040\000C\000o\000n\000c\000l\000u\000s\000i\000o\000n\000s}{}% 136
\BOOKMARK [0][-]{chapter.8}{\376\377\000R\000e\000f\000e\000r\000e\000n\000c\000e\000s}{}% 137
\BOOKMARK [0][-]{chapter.9}{\376\377\000A\000p\000p\000e\000n\000d\000i\000x}{}% 138
\BOOKMARK [1][-]{section.9.1}{\376\377\000D\000e\000c\000l\000a\000r\000a\000t\000i\000o\000n\000\040\000o\000f\000\040\000f\000i\000g\000u\000r\000e\000\040\000a\000u\000t\000h\000o\000r\000s\000h\000i\000p}{chapter.9}% 139
\BOOKMARK [1][-]{section.9.2}{\376\377\000R\000i\000g\000h\000t\000s\000\040\000a\000n\000d\000\040\000P\000e\000r\000m\000i\000s\000s\000i\000o\000n\000s\000\040\000f\000o\000r\000\040\000r\000e\000p\000r\000o\000d\000u\000c\000i\000n\000g\000\040\000I\000m\000a\000g\000e\000s}{chapter.9}% 140
\BOOKMARK [1][-]{section.9.3}{\376\377\000R\000i\000g\000h\000t\000s\000\040\000f\000o\000r\000\040\000r\000e\000p\000r\000o\000d\000u\000c\000e\000d\000\040\000c\000o\000n\000t\000e\000n\000t\000\040\000o\000f\000\040\000p\000u\000b\000l\000i\000s\000h\000e\000d\000\040\000a\000r\000t\000i\000c\000l\000e\000s\000\040\000b\000y\000\040\000t\000h\000e\000\040\000a\000u\000t\000h\000o\000r}{chapter.9}% 141
